[    0.000000] Linux version 4.15.0-159-generic (buildd@lgw01-amd64-055) (gcc version 7.5.0 (Ubuntu 7.5.0-3ubuntu1~18.04)) #167-Ubuntu SMP Tue Sep 21 08:55:05 UTC 2021 (Ubuntu 4.15.0-159.167-generic 4.15.18)
[    0.000000] Command line: BOOT_IMAGE=/boot/vmlinuz-4.15.0-159-generic root=LABEL=cloudimg-rootfs ro console=tty1 console=ttyS0
[    0.000000] KERNEL supported cpus:
[    0.000000]   Intel GenuineIntel
[    0.000000]   AMD AuthenticAMD
[    0.000000]   Centaur CentaurHauls
[    0.000000] x86/fpu: Supporting XSAVE feature 0x001: 'x87 floating point registers'
[    0.000000] x86/fpu: Supporting XSAVE feature 0x002: 'SSE registers'
[    0.000000] x86/fpu: Supporting XSAVE feature 0x004: 'AVX registers'
[    0.000000] x86/fpu: xstate_offset[2]:  576, xstate_sizes[2]:  256
[    0.000000] x86/fpu: Enabled xstate features 0x7, context size is 832 bytes, using 'standard' format.
[    0.000000] e820: BIOS-provided physical RAM map:
[    0.000000] BIOS-e820: [mem 0x0000000000000000-0x000000000009fbff] usable
[    0.000000] BIOS-e820: [mem 0x000000000009fc00-0x000000000009ffff] reserved
[    0.000000] BIOS-e820: [mem 0x00000000000f0000-0x00000000000fffff] reserved
[    0.000000] BIOS-e820: [mem 0x0000000000100000-0x000000003ffeffff] usable
[    0.000000] BIOS-e820: [mem 0x000000003fff0000-0x000000003fffffff] ACPI data
[    0.000000] BIOS-e820: [mem 0x00000000fec00000-0x00000000fec00fff] reserved
[    0.000000] BIOS-e820: [mem 0x00000000fee00000-0x00000000fee00fff] reserved
[    0.000000] BIOS-e820: [mem 0x00000000fffc0000-0x00000000ffffffff] reserved
[    0.000000] NX (Execute Disable) protection: active
[    0.000000] SMBIOS 2.5 present.
[    0.000000] DMI: innotek GmbH VirtualBox/VirtualBox, BIOS VirtualBox 12/01/2006
[    0.000000] Hypervisor detected: KVM
[    0.000000] e820: last_pfn = 0x3fff0 max_arch_pfn = 0x400000000
[    0.000000] MTRR: Disabled
[    0.000000] x86/PAT: MTRRs disabled, skipping PAT initialization too.
[    0.000000] CPU MTRRs all blank - virtualized system.
[    0.000000] x86/PAT: Configuration [0-7]: WB  WT  UC- UC  WB  WT  UC- UC  
[    0.000000] found SMP MP-table at [mem 0x0009fff0-0x0009ffff]
[    0.000000] Scanning 1 areas for low memory corruption
[    0.000000] RAMDISK: [mem 0x359cb000-0x36cdcfff]
[    0.000000] ACPI: Early table checksum verification disabled
[    0.000000] ACPI: RSDP 0x00000000000E0000 000024 (v02 VBOX  )
[    0.000000] ACPI: XSDT 0x000000003FFF0030 00003C (v01 VBOX   VBOXXSDT 00000001 ASL  00000061)
[    0.000000] ACPI: FACP 0x000000003FFF00F0 0000F4 (v04 VBOX   VBOXFACP 00000001 ASL  00000061)
[    0.000000] ACPI: DSDT 0x000000003FFF0470 002325 (v02 VBOX   VBOXBIOS 00000002 INTL 20120111)
[    0.000000] ACPI: FACS 0x000000003FFF0200 000040
[    0.000000] ACPI: FACS 0x000000003FFF0200 000040
[    0.000000] ACPI: APIC 0x000000003FFF0240 00005C (v02 VBOX   VBOXAPIC 00000001 ASL  00000061)
[    0.000000] ACPI: SSDT 0x000000003FFF02A0 0001CC (v01 VBOX   VBOXCPUT 00000002 INTL 20120111)
[    0.000000] ACPI: Reserving FACP table memory at [mem 0x3fff00f0-0x3fff01e3]
[    0.000000] ACPI: Reserving DSDT table memory at [mem 0x3fff0470-0x3fff2794]
[    0.000000] ACPI: Reserving FACS table memory at [mem 0x3fff0200-0x3fff023f]
[    0.000000] ACPI: Reserving FACS table memory at [mem 0x3fff0200-0x3fff023f]
[    0.000000] ACPI: Reserving APIC table memory at [mem 0x3fff0240-0x3fff029b]
[    0.000000] ACPI: Reserving SSDT table memory at [mem 0x3fff02a0-0x3fff046b]
[    0.000000] No NUMA configuration found
[    0.000000] Faking a node at [mem 0x0000000000000000-0x000000003ffeffff]
[    0.000000] NODE_DATA(0) allocated [mem 0x3ffc5000-0x3ffeffff]
[    0.000000] kvm-clock: cpu 0, msr 0:3ff44001, primary cpu clock
[    0.000000] kvm-clock: Using msrs 4b564d01 and 4b564d00
[    0.000000] kvm-clock: using sched offset of 5076385938 cycles
[    0.000000] clocksource: kvm-clock: mask: 0xffffffffffffffff max_cycles: 0x1cd42e4dffb, max_idle_ns: 881590591483 ns
[    0.000000] Zone ranges:
[    0.000000]   DMA      [mem 0x0000000000001000-0x0000000000ffffff]
[    0.000000]   DMA32    [mem 0x0000000001000000-0x000000003ffeffff]
[    0.000000]   Normal   empty
[    0.000000]   Device   empty
[    0.000000] Movable zone start for each node
[    0.000000] Early memory node ranges
[    0.000000]   node   0: [mem 0x0000000000001000-0x000000000009efff]
[    0.000000]   node   0: [mem 0x0000000000100000-0x000000003ffeffff]
[    0.000000] Reserved but unavailable: 104 pages
[    0.000000] Initmem setup node 0 [mem 0x0000000000001000-0x000000003ffeffff]
[    0.000000] ACPI: PM-Timer IO Port: 0x4008
[    0.000000] IOAPIC[0]: apic_id 2, version 32, address 0xfec00000, GSI 0-23
[    0.000000] ACPI: INT_SRC_OVR (bus 0 bus_irq 0 global_irq 2 dfl dfl)
[    0.000000] ACPI: INT_SRC_OVR (bus 0 bus_irq 9 global_irq 9 low level)
[    0.000000] Using ACPI (MADT) for SMP configuration information
[    0.000000] smpboot: Allowing 2 CPUs, 0 hotplug CPUs
[    0.000000] PM: Registered nosave memory: [mem 0x00000000-0x00000fff]
[    0.000000] PM: Registered nosave memory: [mem 0x0009f000-0x0009ffff]
[    0.000000] PM: Registered nosave memory: [mem 0x000a0000-0x000effff]
[    0.000000] PM: Registered nosave memory: [mem 0x000f0000-0x000fffff]
[    0.000000] e820: [mem 0x40000000-0xfebfffff] available for PCI devices
[    0.000000] Booting paravirtualized kernel on KVM
[    0.000000] clocksource: refined-jiffies: mask: 0xffffffff max_cycles: 0xffffffff, max_idle_ns: 7645519600211568 ns
[    0.000000] random: get_random_bytes called from start_kernel+0x99/0x500 with crng_init=0
[    0.000000] setup_percpu: NR_CPUS:8192 nr_cpumask_bits:2 nr_cpu_ids:2 nr_node_ids:1
[    0.000000] percpu: Embedded 45 pages/cpu s147456 r8192 d28672 u1048576
[    0.000000] PV qspinlock hash table entries: 256 (order: 0, 4096 bytes)
[    0.000000] Built 1 zonelists, mobility grouping on.  Total pages: 257913
[    0.000000] Policy zone: DMA32
[    0.000000] Kernel command line: BOOT_IMAGE=/boot/vmlinuz-4.15.0-159-generic root=LABEL=cloudimg-rootfs ro console=tty1 console=ttyS0
[    0.000000] Memory: 982708K/1048120K available (12300K kernel code, 2483K rwdata, 4320K rodata, 2448K init, 2724K bss, 65412K reserved, 0K cma-reserved)
[    0.000000] SLUB: HWalign=64, Order=0-3, MinObjects=0, CPUs=2, Nodes=1
[    0.000000] Kernel/User page tables isolation: enabled
[    0.000000] ftrace: allocating 39471 entries in 155 pages
[    0.004000] Hierarchical RCU implementation.
[    0.004000] 	RCU restricting CPUs from NR_CPUS=8192 to nr_cpu_ids=2.
[    0.004000] 	Tasks RCU enabled.
[    0.004000] RCU: Adjusting geometry for rcu_fanout_leaf=16, nr_cpu_ids=2
[    0.004000] NR_IRQS: 524544, nr_irqs: 440, preallocated irqs: 16
[    0.004000] Console: colour VGA+ 80x25
[    0.004000] console [tty1] enabled
[    0.004000] console [ttyS0] enabled
[    0.004000] ACPI: Core revision 20170831
[    0.004000] ACPI: 2 ACPI AML tables successfully acquired and loaded
[    0.004000] APIC: Switch to symmetric I/O mode setup
[    0.004000] x2apic enabled
[    0.004000] Switched APIC routing to physical x2apic.
[    0.005272] ..TIMER: vector=0x30 apic1=0 pin1=2 apic2=-1 pin2=-1
[    0.008004] tsc: Detected 2000.000 MHz processor
[    0.012014] Calibrating delay loop (skipped) preset value.. 4000.00 BogoMIPS (lpj=8000000)
[    0.015098] pid_max: default: 32768 minimum: 301
[    0.016040] Security Framework initialized
[    0.017747] Yama: becoming mindful.
[    0.020029] AppArmor: AppArmor initialized
[    0.023268] Dentry cache hash table entries: 131072 (order: 8, 1048576 bytes)
[    0.024107] Inode-cache hash table entries: 65536 (order: 7, 524288 bytes)
[    0.028027] Mount-cache hash table entries: 2048 (order: 2, 16384 bytes)
[    0.030555] Mountpoint-cache hash table entries: 2048 (order: 2, 16384 bytes)
[    0.032298] Last level iTLB entries: 4KB 1024, 2MB 1024, 4MB 1024
[    0.036003] Last level dTLB entries: 4KB 1024, 2MB 1024, 4MB 1024, 1GB 4
[    0.038332] Spectre V1 : Mitigation: usercopy/swapgs barriers and __user pointer sanitization
[    0.040004] Spectre V2 : Mitigation: Full generic retpoline
[    0.044004] Spectre V2 : Spectre v2 / SpectreRSB mitigation: Filling RSB on context switch
[    0.047340] Speculative Store Bypass: Vulnerable
[    0.048060] SRBDS: Unknown: Dependent on hypervisor status
[    0.052003] MDS: Mitigation: Clear CPU buffers
[    0.053536] Freeing SMP alternatives memory: 36K
[    0.165975] smpboot: CPU0: Intel(R) Core(TM) i5-4260U CPU @ 1.40GHz (family: 0x6, model: 0x45, stepping: 0x1)
[    0.168000] Performance Events: unsupported p6 CPU model 69 no PMU driver, software events only.
[    0.168043] Hierarchical SRCU implementation.
[    0.172748] NMI watchdog: Perf event create on CPU 0 failed with -2
[    0.174787] NMI watchdog: Perf NMI watchdog permanently disabled
[    0.176078] smp: Bringing up secondary CPUs ...
[    0.178046] x86: Booting SMP configuration:
[    0.180004] .... node  #0, CPUs:      #1
[    0.004000] kvm-clock: cpu 1, msr 0:3ff44041, secondary cpu clock
[    0.186146] smp: Brought up 1 node, 2 CPUs
[    0.188009] smpboot: Max logical packages: 1
[    0.189590] smpboot: Total of 2 processors activated (8000.00 BogoMIPS)
[    0.192192] devtmpfs: initialized
[    0.193243] x86/mm: Memory block size: 128MB
[    0.196037] evm: security.selinux
[    0.197328] evm: security.SMACK64
[    0.198516] evm: security.SMACK64EXEC
[    0.200004] evm: security.SMACK64TRANSMUTE
[    0.201561] evm: security.SMACK64MMAP
[    0.203188] evm: security.apparmor
[    0.204004] evm: security.ima
[    0.205223] evm: security.capability
[    0.208031] clocksource: jiffies: mask: 0xffffffff max_cycles: 0xffffffff, max_idle_ns: 7645041785100000 ns
[    0.211629] futex hash table entries: 512 (order: 3, 32768 bytes)
[    0.212063] pinctrl core: initialized pinctrl subsystem
[    0.216159] RTC time: 18:43:32, date: 10/13/21
[    0.218263] NET: Registered protocol family 16
[    0.220091] audit: initializing netlink subsys (disabled)
[    0.221970] audit: type=2000 audit(1634150618.467:1): state=initialized audit_enabled=0 res=1
[    0.224022] cpuidle: using governor ladder
[    0.225611] cpuidle: using governor menu
[    0.228054] ACPI: bus type PCI registered
[    0.229575] acpiphp: ACPI Hot Plug PCI Controller Driver version: 0.5
[    0.232143] PCI: Using configuration type 1 for base access
[    0.237282] HugeTLB registered 2.00 MiB page size, pre-allocated 0 pages
[    0.240153] ACPI: Added _OSI(Module Device)
[    0.241665] ACPI: Added _OSI(Processor Device)
[    0.243540] ACPI: Added _OSI(3.0 _SCP Extensions)
[    0.244007] ACPI: Added _OSI(Processor Aggregator Device)
[    0.248013] ACPI: Added _OSI(Linux-Dell-Video)
[    0.249567] ACPI: Added _OSI(Linux-Lenovo-NV-HDMI-Audio)
[    0.251507] ACPI: Added _OSI(Linux-HPI-Hybrid-Graphics)
[    0.252519] ACPI: Executed 1 blocks of module-level executable AML code
[    0.264477] ACPI: Interpreter enabled
[    0.265971] ACPI: (supports S0 S5)
[    0.267176] ACPI: Using IOAPIC for interrupt routing
[    0.268263] PCI: Using host bridge windows from ACPI; if necessary, use "pci=nocrs" and report a bug
[    0.272270] ACPI: Enabled 2 GPEs in block 00 to 07
[    0.282053] ACPI: PCI Root Bridge [PCI0] (domain 0000 [bus 00-ff])
[    0.284011] acpi PNP0A03:00: _OSC: OS supports [ASPM ClockPM Segments MSI]
[    0.287338] acpi PNP0A03:00: _OSC: not requesting OS control; OS requires [ExtendedConfig ASPM ClockPM MSI]
[    0.288019] acpi PNP0A03:00: fail to add MMCONFIG information, can't access extended PCI configuration space under this bridge.
[    0.292680] PCI host bridge to bus 0000:00
[    0.294117] pci_bus 0000:00: root bus resource [io  0x0000-0x0cf7 window]
[    0.296005] pci_bus 0000:00: root bus resource [io  0x0d00-0xffff window]
[    0.298359] pci_bus 0000:00: root bus resource [mem 0x000a0000-0x000bffff window]
[    0.300005] pci_bus 0000:00: root bus resource [mem 0x40000000-0xfdffffff window]
[    0.304008] pci_bus 0000:00: root bus resource [bus 00-ff]
[    0.312260] pci 0000:00:01.1: legacy IDE quirk: reg 0x10: [io  0x01f0-0x01f7]
[    0.314617] pci 0000:00:01.1: legacy IDE quirk: reg 0x14: [io  0x03f6]
[    0.316005] pci 0000:00:01.1: legacy IDE quirk: reg 0x18: [io  0x0170-0x0177]
[    0.318548] pci 0000:00:01.1: legacy IDE quirk: reg 0x1c: [io  0x0376]
[    0.349599] pci 0000:00:07.0: quirk: [io  0x4000-0x403f] claimed by PIIX4 ACPI
[    0.352028] pci 0000:00:07.0: quirk: [io  0x4100-0x410f] claimed by PIIX4 SMB
[    0.366603] ACPI: PCI Interrupt Link [LNKA] (IRQs 5 9 10 *11)
[    0.368376] ACPI: PCI Interrupt Link [LNKB] (IRQs 5 9 *10 11)
[    0.370773] ACPI: PCI Interrupt Link [LNKC] (IRQs 5 *9 10 11)
[    0.372189] ACPI: PCI Interrupt Link [LNKD] (IRQs 5 9 10 *11)
[    0.376407] SCSI subsystem initialized
[    0.378010] pci 0000:00:02.0: vgaarb: setting as boot VGA device
[    0.378314] pci 0000:00:02.0: vgaarb: VGA device added: decodes=io+mem,owns=io+mem,locks=none
[    0.380007] pci 0000:00:02.0: vgaarb: bridge control possible
[    0.384004] vgaarb: loaded
[    0.384973] ACPI: bus type USB registered
[    0.386213] usbcore: registered new interface driver usbfs
[    0.388028] usbcore: registered new interface driver hub
[    0.392016] usbcore: registered new device driver usb
[    0.393595] EDAC MC: Ver: 3.0.0
[    0.396207] PCI: Using ACPI for IRQ routing
[    0.397851] NetLabel: Initializing
[    0.399286] NetLabel:  domain hash size = 128
[    0.400003] NetLabel:  protocols = UNLABELED CIPSOv4 CALIPSO
[    0.402126] NetLabel:  unlabeled traffic allowed by default
[    0.404159] clocksource: Switched to clocksource kvm-clock
[    0.424026] VFS: Disk quotas dquot_6.6.0
[    0.425536] VFS: Dquot-cache hash table entries: 512 (order 0, 4096 bytes)
[    0.428068] AppArmor: AppArmor Filesystem Enabled
[    0.430007] pnp: PnP ACPI init
[    0.433147] pnp: PnP ACPI: found 3 devices
[    0.445794] clocksource: acpi_pm: mask: 0xffffff max_cycles: 0xffffff, max_idle_ns: 2085701024 ns
[    0.449206] NET: Registered protocol family 2
[    0.452243] IP idents hash table entries: 16384 (order: 5, 131072 bytes)
[    0.457931] TCP established hash table entries: 8192 (order: 4, 65536 bytes)
[    0.460885] TCP bind hash table entries: 8192 (order: 5, 131072 bytes)
[    0.463053] TCP: Hash tables configured (established 8192 bind 8192)
[    0.465076] UDP hash table entries: 512 (order: 2, 16384 bytes)
[    0.466870] UDP-Lite hash table entries: 512 (order: 2, 16384 bytes)
[    0.469033] NET: Registered protocol family 1
[    0.471129] pci 0000:00:00.0: Limiting direct PCI/PCI transfers
[    0.473155] pci 0000:00:01.0: Activating ISA DMA hang workarounds
[    0.475357] pci 0000:00:02.0: Video device with shadowed ROM at [mem 0x000c0000-0x000dffff]
[    0.478500] Unpacking initramfs...
[    0.902605] Freeing initrd memory: 19528K
[    0.904762] clocksource: tsc: mask: 0xffffffffffffffff max_cycles: 0x39a85c9bff6, max_idle_ns: 881590591483 ns
[    0.908344] platform rtc_cmos: registered platform RTC device (no PNP device found)
[    0.912656] Scanning for low memory corruption every 60 seconds
[    0.916696] Initialise system trusted keyrings
[    0.923495] Key type blacklist registered
[    0.926074] workingset: timestamp_bits=36 max_order=18 bucket_order=0
[    0.931744] zbud: loaded
[    0.934856] squashfs: version 4.0 (2009/01/31) Phillip Lougher
[    0.939539] fuse init (API version 7.26)
[    0.950051] Key type asymmetric registered
[    0.953906] Asymmetric key parser 'x509' registered
[    0.959210] Block layer SCSI generic (bsg) driver version 0.4 loaded (major 246)
[    0.965220] io scheduler noop registered
[    0.966439] io scheduler deadline registered
[    0.970429] io scheduler cfq registered (default)
[    0.973470] ACPI: AC Adapter [AC] (off-line)
[    0.976573] input: Power Button as /devices/LNXSYSTM:00/LNXPWRBN:00/input/input0
[    0.979465] ACPI: Power Button [PWRF]
[    0.981534] input: Sleep Button as /devices/LNXSYSTM:00/LNXSLPBN:00/input/input1
[    0.984366] ACPI: Sleep Button [SLPF]
[    0.988145] ACPI: Battery Slot [BAT0] (battery present)
[    0.989854] Serial: 8250/16550 driver, 32 ports, IRQ sharing enabled
[    1.016267] 00:02: ttyS0 at I/O 0x3f8 (irq = 4, base_baud = 115200) is a 16550A
[    1.020175] Linux agpgart interface v0.103
[    1.023462] loop: module loaded
[    1.025392] scsi host0: ata_piix
[    1.027566] scsi host1: ata_piix
[    1.029044] ata1: PATA max UDMA/33 cmd 0x1f0 ctl 0x3f6 bmdma 0xd000 irq 14
[    1.031359] ata2: PATA max UDMA/33 cmd 0x170 ctl 0x376 bmdma 0xd008 irq 15
[    1.033840] libphy: Fixed MDIO Bus: probed
[    1.035380] tun: Universal TUN/TAP device driver, 1.6
[    1.037309] PPP generic driver version 2.4.2
[    1.040258] ehci_hcd: USB 2.0 'Enhanced' Host Controller (EHCI) Driver
[    1.042661] ehci-pci: EHCI PCI platform driver
[    1.044444] ehci-platform: EHCI generic platform driver
[    1.046134] ohci_hcd: USB 1.1 'Open' Host Controller (OHCI) Driver
[    1.048025] ohci-pci: OHCI PCI platform driver
[    1.049755] ohci-platform: OHCI generic platform driver
[    1.051459] uhci_hcd: USB Universal Host Controller Interface driver
[    1.053908] i8042: PNP: PS/2 Controller [PNP0303:PS2K,PNP0f03:PS2M] at 0x60,0x64 irq 1,12
[    1.057998] serio: i8042 KBD port at 0x60,0x64 irq 1
[    1.059890] serio: i8042 AUX port at 0x60,0x64 irq 12
[    1.062040] mousedev: PS/2 mouse device common for all mice
[    1.064746] input: AT Translated Set 2 keyboard as /devices/platform/i8042/serio0/input/input2
[    1.068860] rtc_cmos rtc_cmos: rtc core: registered rtc_cmos as rtc0
[    1.071450] rtc_cmos rtc_cmos: alarms up to one day, 114 bytes nvram
[    1.074152] i2c /dev entries driver
[    1.075514] device-mapper: uevent: version 1.0.3
[    1.077321] device-mapper: ioctl: 4.37.0-ioctl (2017-09-20) initialised: dm-devel@redhat.com
[    1.080576] ledtrig-cpu: registered to indicate activity on CPUs
[    1.083581] NET: Registered protocol family 10
[    1.090814] Segment Routing with IPv6
[    1.092120] NET: Registered protocol family 17
[    1.093883] Key type dns_resolver registered
[    1.096006] mce: Using 0 MCE banks
[    1.097320] RAS: Correctable Errors collector initialized.
[    1.099244] sched_clock: Marking stable (1097275248, 0)->(1396614904, -299339656)
[    1.102374] registered taskstats version 1
[    1.103802] Loading compiled-in X.509 certificates
[    1.108950] Loaded X.509 cert 'Build time autogenerated kernel key: bf5768e0b2369bd53acb56866ca104cf5a2c379b'
[    1.113373] Loaded X.509 cert 'Canonical Ltd. Live Patch Signing: 14df34d1a87cf37625abec039ef2bf521249b969'
[    1.117713] Loaded X.509 cert 'Canonical Ltd. Kernel Module Signing: 88f752e560a1e0737e31163a466ad7b70a850c19'
[    1.121196] zswap: loaded using pool lzo/zbud
[    1.128456] Key type big_key registered
[    1.130087] Key type trusted registered
[    1.133964] Key type encrypted registered
[    1.135396] AppArmor: AppArmor sha1 policy hashing enabled
[    1.137325] ima: No TPM chip found, activating TPM-bypass! (rc=-19)
[    1.139961] ima: Allocated hash algorithm: sha1
[    1.141798] evm: HMAC attrs: 0x1
[    1.143326]   Magic number: 9:595:746
[    1.145743] rtc_cmos rtc_cmos: setting system clock to 2021-10-13 18:43:33 UTC (1634150613)
[    1.149525] BIOS EDD facility v0.16 2004-Jun-25, 0 devices found
[    1.151951] EDD information not available.
[    1.220201] Freeing unused kernel image memory: 2448K
[    1.232489] Write protecting the kernel read-only data: 20480k
[    1.237078] Freeing unused kernel image memory: 2008K
[    1.239899] Freeing unused kernel image memory: 1824K
[    1.249224] x86/mm: Checked W+X mappings: passed, no W+X pages found.
[    1.251519] x86/mm: Checking user space page tables
[    1.260420] x86/mm: Checked W+X mappings: passed, no W+X pages found.
Loading, please wait...
starting version 237
[    1.358214] Fusion MPT base driver 3.04.20
[    1.361581] Copyright (c) 1999-2008 LSI Corporation
[    1.379790] AVX2 version of gcm_enc/dec engaged.
[    1.380183] e1000: Intel(R) PRO/1000 Network Driver - version 7.3.21-k8-NAPI
[    1.381907] AES CTR mode by8 optimization enabled
[    1.383968] e1000: Copyright (c) 1999-2006 Intel Corporation.
[    1.411777] Fusion MPT SPI Host driver 3.04.20
[    1.581288] input: ImExPS/2 Generic Explorer Mouse as /devices/platform/i8042/serio1/input/input4
[    1.940428] e1000 0000:00:03.0 eth0: (PCI:33MHz:32-bit) 02:2f:77:f1:0c:e0
[    1.945463] e1000 0000:00:03.0 eth0: Intel(R) PRO/1000 Network Connection
[    1.953036] mptbase: ioc0: Initiating bringup
[    1.961443] e1000 0000:00:03.0 enp0s3: renamed from eth0
[    2.436745] ioc0: LSI53C1030 A0: Capabilities={Initiator}
[    4.822596] scsi host2: ioc0: LSI53C1030 A0, FwRev=00000000h, Ports=1, MaxQ=256, IRQ=20
[    6.671802] scsi 2:0:0:0: Direct-Access     VBOX     HARDDISK         1.0  PQ: 0 ANSI: 5
[    7.008488] scsi target2:0:0: Beginning Domain Validation
[    7.017099] scsi target2:0:0: Domain Validation skipping write tests
[    7.027079] scsi target2:0:0: Ending Domain Validation
[    7.029013] scsi target2:0:0: asynchronous
[    7.031939] scsi 2:0:1:0: Direct-Access     VBOX     HARDDISK         1.0  PQ: 0 ANSI: 5
[    8.188171] scsi target2:0:1: Beginning Domain Validation
[    8.194541] random: fast init done
[    8.197595] scsi target2:0:1: Domain Validation skipping write tests
[    8.200646] scsi target2:0:1: Ending Domain Validation
[    8.203602] scsi target2:0:1: asynchronous
[    8.216172] random: systemd-udevd: uninitialized urandom read (16 bytes read)
[    8.217118] sd 2:0:0:0: [sda] 83886080 512-byte logical blocks: (42.9 GB/40.0 GiB)
[    8.221126] random: systemd-udevd: uninitialized urandom read (16 bytes read)
[    8.232089] sd 2:0:0:0: Attached scsi generic sg0 type 0
[    8.236262] random: systemd-udevd: uninitialized urandom read (16 bytes read)
[    8.239536] sd 2:0:0:0: [sda] Write Protect is off
[    8.246334] sd 2:0:1:0: Attached scsi generic sg1 type 0
[    8.248313] sd 2:0:0:0: [sda] Incomplete mode parameter data
[    8.250507] sd 2:0:0:0: [sda] Assuming drive cache: write through
[    8.252925] sd 2:0:1:0: [sdb] 20480 512-byte logical blocks: (10.5 MB/10.0 MiB)
[    8.255470] sd 2:0:1:0: [sdb] Write Protect is off
[    8.257548] sd 2:0:1:0: [sdb] Incomplete mode parameter data
[    8.260016] sd 2:0:1:0: [sdb] Assuming drive cache: write through
[    8.264189]  sda: sda1
[    8.266219] sd 2:0:1:0: [sdb] Attached SCSI disk
[    8.269256] sd 2:0:0:0: [sda] Attached SCSI disk
Begin: Loading essential drivers ... [   10.088197] raid6: sse2x1   gen()  3272 MB/s
[   10.136589] raid6: sse2x1   xor()  5653 MB/s
[   10.184605] raid6: sse2x2   gen() 10578 MB/s
[   10.232106] raid6: sse2x2   xor()  6244 MB/s
[   10.280108] raid6: sse2x4   gen() 12098 MB/s
[   10.328112] raid6: sse2x4   xor()  6747 MB/s
[   10.376095] raid6: avx2x1   gen() 13634 MB/s
[   10.424138] raid6: avx2x1   xor()  6688 MB/s
[   10.472134] raid6: avx2x2   gen()  8833 MB/s
[   10.520122] raid6: avx2x2   xor()  5168 MB/s
[   10.568159] raid6: avx2x4   gen() 17911 MB/s
[   10.616220] raid6: avx2x4   xor()  6401 MB/s
[   10.619582] raid6: using algorithm avx2x4 gen() 17911 MB/s
[   10.623702] raid6: .... xor() 6401 MB/s, rmw enabled
[   10.627860] raid6: using avx2x2 recovery algorithm
[   10.637060] xor: automatically using best checksumming function   avx       
[   10.647112] async_tx: api initialized (async)
done.
Begin: Running /scripts/init-premount ... done.
Begin: Mounting root file system ... Begin: Running /scripts/local-top ... done.
Begin: Running /scripts/local-premount ... [   10.733647] Btrfs loaded, crc32c=crc32c-intel
Scanning for Btrfs filesystems
done.
Warning: fsck not present, so skipping root file system
[   10.786103] EXT4-fs (sda1): mounted filesystem with ordered data mode. Opts: (null)
done.
Begin: Running /scripts/local-bottom ... done.
Begin: Running /scripts/init-bottom ... done.
[   11.113522] ip_tables: (C) 2000-2006 Netfilter Core Team
[   11.130671] systemd[1]: systemd 237 running in system mode. (+PAM +AUDIT +SELINUX +IMA +APPARMOR +SMACK +SYSVINIT +UTMP +LIBCRYPTSETUP +GCRYPT +GNUTLS +ACL +XZ +LZ4 +SECCOMP +BLKID +ELFUTILS +KMOD -IDN2 +IDN -PCRE2 default-hierarchy=hybrid)
[   11.147149] systemd[1]: Detected virtualization oracle.
[   11.150995] systemd[1]: Detected architecture x86-64.

Welcome to [1mUbuntu 18.04.6 LTS[0m!

[   11.168547] systemd[1]: Set hostname to <ubuntu>.
[   11.179278] systemd[1]: Initializing machine ID from random generator.
[   11.184770] systemd[1]: Installed transient /etc/machine-id file.
[   11.694557] systemd[1]: Created slice System Slice.
[[0;32m  OK  [0m] Created slice System Slice.
[   11.701998] systemd[1]: Listening on /dev/initctl Compatibility Named Pipe.
[[0;32m  OK  [0m] Listening on /dev/initctl Compatibility Named Pipe.
[   11.707089] systemd[1]: Reached target System Time Synchronized.
[[0;32m  OK  [0m] Reached target System Time Synchronized.
[   11.711699] systemd[1]: Listening on Journal Socket.
[[0;32m  OK  [0m] Listening on Journal Socket.
         Mounting Huge Pages File System...
         Mounting POSIX Message Queue File System...
         Mounting Kernel Debug File System...
         Starting Uncomplicated firewall...
[[0;32m  OK  [0m] Listening on LVM2 metadata daemon socket.
         Starting Set the console keyboard layout...
[[0;32m  OK  [0m] Listening on udev Kernel Socket.
[[0;32m  OK  [0m] Listening on udev Control Socket.
         Starting udev Coldplug all Devices...
[[0;32m  OK  [0m] Reached target User and Group Name Lookups.
[[0;32m  OK  [0m] Listening on Device-mapper event daemon FIFOs.
         Starting Monitoring of LVM2 mirrorsâ€¦ng dmeventd or progress polling...
[[0;32m  OK  [0m] Created slice system-serial\x2dgetty.slice.
[[0;32m  OK  [0m] Listening on Syslog Socket.
[[0;32m  OK  [0m] Listening on fsck to fsckd communication Socket.
[[0;32m  OK  [0m] Set up automount Arbitrary Executabâ€¦rmats File System Automount Point.
         Starting Load Kernel Modules...
[[0;32m  OK  [0m] Listening on Network Service Netlink Socket.
         Starting Create list of required stâ€¦ce nodes for the current kernel...
[[0;32m  OK  [0m] Listening on Journal Socket (/dev/log).
         Starting File System Check on Root Device...
[[0;32m  OK  [0m] Listening on LVM2 poll daemon socket.
[[0;32m  OK  [0m] Created slice User and Session Slice.
[[0;32m  OK  [0m] Reached target Slices.
[[0;32m  OK  [0m] Reached target Swap.
[[0;32m  OK  [0m] Started Forward Password Requests to Wall Directory Watch.
[[0;32m  OK  [0m] Listening on Journal Audit Socket.
         Starting Journal Service...
[[0;32m  OK  [0m] Mounted Huge Pages File System.
[[0;32m  OK  [0m] Mounted POSIX Message Queue File System.
[[0;32m  OK  [0m] Mounted Kernel Debug File System.
[[0;32m  OK  [0m] Started Uncomplicated firewall.
[[0;32m  OK  [0m] Started LVM2 metadata daemon.
[   11.869082] Loading iSCSI transport class v2.0-870.
[   11.878464] iscsi: registered transport (tcp)
[[0;32m  OK  [0m] Started udev Coldplug all Devices.
[[0;32m  OK  [0m] Started Create list of required staâ€¦vice nodes for the current kernel.
         Starting Create Static Device Nodes in /dev...
[[0;32m  OK  [0m] Started File System Check Daemon to report status.
[[0;32m  OK  [0m] Started Journal Service.
[   11.970977] iscsi: registered transport (iser)
[[0;32m  OK  [0m] Started Load Kernel Modules.
         Starting Apply Kernel Variables...
         Mounting Kernel Configuration File System...
         Mounting FUSE Control File System...
[[0;32m  OK  [0m] Mounted Kernel Configuration File System.
[[0;32m  OK  [0m] Mounted FUSE Control File System.
[[0;32m  OK  [0m] Started Create Static Device Nodes in /dev.
[[0;32m  OK  [0m] Started Monitoring of LVM2 mirrors,â€¦sing dmeventd or progress polling.
[[0;32m  OK  [0m] Started File System Check on Root Device.
         Starting Remount Root and Kernel File Systems...
[[0;32m  OK  [0m] Started Set the console keyboard layout.
[[0;32m  OK  [0m] Started Remount Root and Kernel File Systems.
[[0;32m  OK  [0m] Started Apply Kernel Variables.
         Starting Load/Save Random Seed...
         Starting Flush Journal to Persistent Storage...
[[0;32m  OK  [0m] Reached target Local File Systems (Pre).
[[0;32m  OK  [0m] Reached target Local File Systems.
         Starting Set console font and keymap...
         Starting Tell Plymouth To Write Out Runtime Data...
         Starting Commit a transient machine-id on disk...
         Starting AppArmor initialization...
         Starting ebtables ruleset management...
         Starting udev Kernel Device Manager...
[[0;32m  OK  [0m] Started Load/Save Random Seed.
[[0;32m  OK  [0m] Started Set console font and keymap.
[[0;32m  OK  [0m] Started Tell Plymouth To Write Out Runtime Data.
[[0;32m  OK  [0m] Started udev Kernel Device Manager.
[[0;32m  OK  [0m] Started Dispatch Password Requests to Console Directory Watch.
[[0;32m  OK  [0m] Reached target Local Encrypted Volumes.
[[0;32m  OK  [0m] Started Flush Journal to Persistent Storage.
[[0;32m  OK  [0m] Started Commit a transient machine-id on disk.
         Starting Create Volatile Files and Directories...
[[0;32m  OK  [0m] Started Create Volatile Files and Directories.
         Starting Update UTMP about System Boot/Shutdown...
[[0;32m  OK  [0m] Started Update UTMP about System Boot/Shutdown.
[[0;32m  OK  [0m] Started ebtables ruleset management.
[[0;32m  OK  [0m] Found device /dev/ttyS0.
[[0;32m  OK  [0m] Listening on Load/Save RF Kill Switch Status /dev/rfkill Watch.
[[0;32m  OK  [0m] Started AppArmor initialization.
         Starting Load AppArmor profiles managed internally by snapd...
         Starting Initial cloud-init job (pre-networking)...
[[0;32m  OK  [0m] Started Load AppArmor profiles managed internally by snapd.
[   15.724390] cloud-init[569]: Cloud-init v. 21.2-3-g899bfaa9-0ubuntu2~18.04.1 running 'init-local' at Wed, 13 Oct 2021 18:43:47 +0000. Up 15.21 seconds.
[[0;32m  OK  [0m] Started Initial cloud-init job (pre-networking).
[[0;32m  OK  [0m] Reached target Network (Pre).
         Starting Network Service...
[[0;32m  OK  [0m] Started Network Service.
         Starting Network Name Resolution...
         Starting Wait for Network to be Configured...
[[0;32m  OK  [0m] Started Network Name Resolution.
[[0;32m  OK  [0m] Reached target Host and Network Name Lookups.
[[0;32m  OK  [0m] Reached target Network.
[[0;32m  OK  [0m] Started Wait for Network to be Configured.
         Starting Initial cloud-init job (metadata service crawler)...
[   19.486960] cloud-init[663]: Cloud-init v. 21.2-3-g899bfaa9-0ubuntu2~18.04.1 running 'init' at Wed, 13 Oct 2021 18:43:51 +0000. Up 18.99 seconds.
[   19.493511] cloud-init[663]: ci-info: +++++++++++++++++++++++++++++++++++++Net device info++++++++++++++++++++++++++++++++++++++
[   19.500272] cloud-init[663]: ci-info: +--------+------+---------------------------+---------------+--------+-------------------+
[   19.506468] cloud-init[663]: ci-info: | Device |  Up  |          Address          |      Mask     | Scope  |     Hw-Address    |
[   19.524816] cloud-init[663]: ci-info: +--------+------+---------------------------+---------------+--------+-------------------+
[   19.544419] cloud-init[663]: ci-info: | enp0s3 | True |         10.0.2.15         | 255.255.255.0 | global | 02:2f:77:f1:0c:e0 |
[   19.549057] cloud-init[663]: ci-info: | enp0s3 | True | fe80::2f:77ff:fef1:ce0/64 |       .       |  link  | 02:2f:77:f1:0c:e0 |
[   19.553856] cloud-init[663]: ci-info: |   lo   | True |         127.0.0.1         |   255.0.0.0   |  host  |         .         |
[   19.558308] cloud-init[663]: ci-info: |   lo   | True |          ::1/128          |       .       |  host  |         .         |
[   19.564573] cloud-init[663]: ci-info: +--------+------+---------------------------+---------------+--------+-------------------+
[   19.570407] cloud-init[663]: ci-info: ++++++++++++++++++++++++++++Route IPv4 info+++++++++++++++++++++++++++++
[   19.588841] cloud-init[663]: ci-info: +-------+-------------+----------+-----------------+-----------+-------+
[   19.595941] cloud-init[663]: ci-info: | Route | Destination | Gateway  |     Genmask     | Interface | Flags |
[   19.608556] cloud-init[663]: ci-info: +-------+-------------+----------+-----------------+-----------+-------+
[   19.612941] cloud-init[663]: ci-info: |   0   |   0.0.0.0   | 10.0.2.2 |     0.0.0.0     |   enp0s3  |   UG  |
[   19.617860] cloud-init[663]: ci-info: |   1   |   10.0.2.0  | 0.0.0.0  |  255.255.255.0  |   enp0s3  |   U   |
[   19.632901] cloud-init[663]: ci-info: |   2   |   10.0.2.2  | 0.0.0.0  | 255.255.255.255 |   enp0s3  |   UH  |
[   19.636617] cloud-init[663]: ci-info: +-------+-------------+----------+-----------------+-----------+-------+
[   19.642870] cloud-init[663]: ci-info: +++++++++++++++++++Route IPv6 info+++++++++++++++++++
[   19.649309] cloud-init[663]: ci-info: +-------+-------------+---------+-----------+-------+
[   19.665079] cloud-init[663]: ci-info: | Route | Destination | Gateway | Interface | Flags |
[   19.676840] cloud-init[663]: ci-info: +-------+-------------+---------+-----------+-------+
[   19.693765] cloud-init[663]: ci-info: |   1   |  fe80::/64  |    ::   |   enp0s3  |   U   |
[   19.708407] cloud-init[663]: ci-info: |   3   |    local    |    ::   |   enp0s3  |   U   |
[   19.712737] cloud-init[663]: ci-info: |   4   |   ff00::/8  |    ::   |   enp0s3  |   U   |
[   19.728759] cloud-init[663]: ci-info: +-------+-------------+---------+-----------+-------+
[   21.297257] cloud-init[663]: Generating public/private rsa key pair.
[   21.301408] cloud-init[663]: Your identification has been saved in /etc/ssh/ssh_host_rsa_key.
[   21.306304] cloud-init[663]: Your public key has been saved in /etc/ssh/ssh_host_rsa_key.pub.
[   21.318103] cloud-init[663]: The key fingerprint is:
[   21.322217] cloud-init[663]: SHA256:D9ZAXbJ59SVFqEFRcc7nSq17dif9Q82pPlc/bUtcn4o root@ubuntu-bionic
[   21.327333] cloud-init[663]: The key's randomart image is:
[   21.331929] cloud-init[663]: +---[RSA 2048]----+
[   21.334507] cloud-init[663]: |        ...o+o===|
[   21.336688] cloud-init[663]: |       .  .+...*.|
[   21.339236] cloud-init[663]: |        . o .o  =|
[   21.341328] cloud-init[663]: |         o ..  o.|
[   21.343123] cloud-init[663]: |        S .   ..*|
[   21.371201] cloud-init[663]: |       . o   ..=B|
[   21.373330] cloud-init[663]: |          .   ===|
[   21.380532] cloud-init[663]: |            .o+=X|
[   21.382885] cloud-init[663]: |           E.o+*O|
[   21.397584] cloud-init[663]: +----[SHA256]-----+
[   21.402002] cloud-init[663]: Generating public/private dsa key pair.
[   21.406376] cloud-init[663]: Your identification has been saved in /etc/ssh/ssh_host_dsa_key.
[   21.413298] cloud-init[663]: Your public key has been saved in /etc/ssh/ssh_host_dsa_key.pub.
[   21.418508] cloud-init[663]: The key fingerprint is:
[   21.426303] cloud-init[663]: SHA256:SDxdBEZxCGKJVAUBHkJ5FpLcW4P1h9gmY0FCs4grU5M root@ubuntu-bionic
[   21.431944] cloud-init[663]: The key's randomart image is:
[   21.438462] cloud-init[663]: +---[DSA 1024]----+
[   21.444918] cloud-init[663]: |++OO@Ooo==+      |
[   21.450542] cloud-init[663]: |.*+O===ooo       |
[   21.452985] cloud-init[663]: |..E.o===..       |
[   21.458852] cloud-init[663]: | o o..+o.        |
[   21.468465] cloud-init[663]: |+     . S        |
[   21.471269] cloud-init[663]: |..               |
[   21.474678] cloud-init[663]: |                 |
[   21.482912] cloud-init[663]: |                 |
[   21.484448] cloud-init[663]: |                 |
[   21.487631] cloud-init[663]: +----[SHA256]-----+
[   21.489516] cloud-init[663]: Generating public/private ecdsa key pair.
[   21.491854] cloud-init[663]: Your identification has been saved in /etc/ssh/ssh_host_ecdsa_key.
[   21.495384] cloud-init[663]: Your public key has been saved in /etc/ssh/ssh_host_ecdsa_key.pub.
[   21.508792] cloud-init[663]: The key fingerprint is:
[   21.512253] cloud-init[663]: SHA256:L+B37dhHlI3MZslKgCMjAlS7UQsS9Hwpgvrx3l1G2B0 root@ubuntu-bionic
[   21.528474] cloud-init[663]: The key's randomart image is:
[   21.529758] cloud-init[663]: +---[ECDSA 256]---+
[   21.531340] cloud-init[663]: |+*oo .   .       |
[   21.533486] cloud-init[663]: |. = = = o .      |
[   21.544519] cloud-init[663]: |.. B = o . .E+ = |
[   21.546154] cloud-init[663]: |. . =    o ...@ .|
[   21.547443] cloud-init[663]: |. ..  . S o..=   |
[   21.549958] cloud-init[663]: | . o . . o .. .  |
[   21.551619] cloud-init[663]: |  . . . o = ..   |
[   21.564371] cloud-init[663]: |   . . o = +  .  |
[   21.577828] cloud-init[663]: |    . . . . o.   |
[   21.583061] cloud-init[663]: +----[SHA256]-----+
[   21.598137] cloud-init[663]: Generating public/private ed25519 key pair.
[   21.601090] cloud-init[663]: Your identification has been saved in /etc/ssh/ssh_host_ed25519_key.
[   21.603006] cloud-init[663]: Your public key has been saved in /etc/ssh/ssh_host_ed25519_key.pub.
[   21.606668] cloud-init[663]: The key fingerprint is:
[   21.610209] cloud-init[663]: SHA256:PCUMPSnTabnq3mQCGGvq4uRK0mwBvjfYJr1m19x+NiQ root@ubuntu-bionic
[   21.629693] cloud-init[663]: The key's randomart image is:
[   21.630330] cloud-init[663]: +--[ED25519 256]--+
[[0;32m  OK  [0m] Started Initial cloud-init job (metadata service crawler).
[[0;32m  OK  [0m] Reached target System Initialization.
[[0;32m  OK  [0m] Listening on Open-iSCSI iscsid Socket.
[   21.630763] cloud-init[663]: |      .o +       |
         Starting LXD - unix socket.
[   21.655869] [[0;32m  OK  [0m] Started Discard unused blocks once a week.
[[0;32m  OK  [0m] Listening on UUID daemon activation socket.
[[0;32m  OK  [0m] Started Ubuntu Advantage update messaging.
[[0;32m  OK  [0m] Started Message of the Day.
cloud-init[663]: |      ooO        |
[   21.719913] cloud-init[663]: |. .    +oo.      |
         Starting Socket activation for snappy daemon.
[[0;32m  OK  [0m] Listening on ACPID Listen Socket.
[   21.754208] cloud-init[663]: |.. +   ..o       |
[[0;32m  OK  [0m] Started ACPI Events Check.
[   21.782152] [[0;32m  OK  [0m] Reached target Paths.
[[0;32m  OK  [0m] Started Daily Cleanup of Temporary Directories.
[[0;32m  OK  [0m] Listening on D-Bus System Message Bus Socket.
[[0;32m  OK  [0m] Started Daily apt download activities.
[[0;32m  OK  [0m] Started Daily apt upgrade and clean activities.
[[0;32m  OK  [0m] Reached target Timers.
cloud-init[663]: | .= .  .S        |
[[0;32m  OK  [0m] Reached target Cloud-config availability.
[[0;32m  OK  [0m] Reached target Network is Online.
         Starting Availability of block devices...
[[0;32m  OK  [0m] Reached target Remote File Systems (Pre).
[[0;32m  OK  [0m] Reached target Remote File Systems.
[   21.818899] cloud-init[663]: | ==. ..  E .     |
[[0;32m  OK  [0m] Listening on LXD - unix socket.
[   21.854861] [cloud-init[0;32m  OK  [0m[663]: ] |o*+* .+ + o      |Listening on Socket activation for snappy daemon.

[[0;32m  OK  [0m] Started Availability of block devices.
[   21.870667] cloud-init[663]: |B.+oo..B . +     |
[[0;32m  OK  [0m] Reached target Sockets.
[[0;32m  OK  [0m] Reached target Basic System.
[   21.875506] cloud-init[663]:          Starting Virtualbox guest utils...
         Starting LSB: Record successful boot for GRUB...
|=+o.... o.o .    |
[   21.891578] [[0;32m  OK  [0m] Started irqbalance daemon.
[[0;32m  OK  [0m] Started Regular background program processing daemon.
         Starting System Logging Service...
cloud-init[663]: +----[SHA256]-----+
         Starting Login Service...
         Starting Snap Daemon...
         Starting Accounts Service...
[[0;32m  OK  [0m] Started FUSE filesystem for LXC.
         Starting Pollinate to seed the pseudo random number generator...
         Starting LSB: automatic crash report generation...
         Starting Dispatcher daemon for systemd-networkd...
[[0;32m  OK  [0m] Started D-Bus System Message Bus.
[[0;32m  OK  [0m] Started Login Service.
[[0;32m  OK  [0m] Started Unattended Upgrades Shutdown.
[[0;32m  OK  [0m] Started Deferred execution scheduler.
         Starting Permit User Sessions...
         Starting LXD - container startup/shutdown...
[[0;32m  OK  [0m] Started System Logging Service.
[[0;32m  OK  [0m] Started Permit User Sessions.
         Starting Hold until boot process finishes up...
         Starting Terminate Plymouth Boot Screen...
[[0;32m  OK  [0m] Started Hold until boot process finishes up.
[[0;32m  OK  [0m] Started Terminate Plymouth Boot Screen.
         Starting Set console scheme...
[[0;32m  OK  [0m] Started Serial Getty on ttyS0.
[[0;32m  OK  [0m] Started Set console scheme.
[[0;32m  OK  [0m] Started LSB: Record successful boot for GRUB.
[[0;32m  OK  [0m] Created slice system-getty.slice.
[[0;32m  OK  [0m] Started Getty on tty1.
[[0;32m  OK  [0m] Reached target Login Prompts.
         Starting Authorization Manager...
[[0;32m  OK  [0m] Started LSB: automatic crash report generation.
[[0;32m  OK  [0m] Started Authorization Manager.
[[0;32m  OK  [0m] Started Accounts Service.
[[0;32m  OK  [0m] Started Virtualbox guest utils.
[[0;32m  OK  [0m] Started LXD - container startup/shutdown.
[[0;32m  OK  [0m] Started Dispatcher daemon for systemd-networkd.
[[0;32m  OK  [0m] Started Snap Daemon.
         Starting Wait until snapd is fully seeded...
[[0;32m  OK  [0m] Started Pollinate to seed the pseudo random number generator.
         Starting OpenBSD Secure Shell server...
[[0;32m  OK  [0m] Started OpenBSD Secure Shell server.
[[0;32m  OK  [0m] Created slice User Slice of vagrant.
         Starting User Manager for UID 1000...
[[0;32m  OK  [0m] Started Session 1 of user vagrant.
[[0;32m  OK  [0m] Started User Manager for UID 1000.
[[0;32m  OK  [0m] Started Wait until snapd is fully seeded.
[[0;32m  OK  [0m] Reached target Multi-User System.
[[0;32m  OK  [0m] Reached target Graphical Interface.
         Starting Update UTMP about System Runlevel Changes...
         Starting Apply the settings specified in cloud-config...
[[0;32m  OK  [0m] Started Update UTMP about System Runlevel Changes.

Ubuntu 18.04.6 LTS ubuntu-bionic ttyS0

ubuntu-bionic login: [   30.104913] cloud-init[1125]: Cloud-init v. 21.2-3-g899bfaa9-0ubuntu2~18.04.1 running 'modules:config' at Wed, 13 Oct 2021 18:44:00 +0000. Up 28.03 seconds.
ci-info: no authorized SSH keys fingerprints found for user ubuntu.
<14>Oct 13 18:44:03 cloud-init: #############################################################
<14>Oct 13 18:44:03 cloud-init: -----BEGIN SSH HOST KEY FINGERPRINTS-----
<14>Oct 13 18:44:03 cloud-init: 1024 SHA256:SDxdBEZxCGKJVAUBHkJ5FpLcW4P1h9gmY0FCs4grU5M root@ubuntu-bionic (DSA)
<14>Oct 13 18:44:03 cloud-init: 256 SHA256:L+B37dhHlI3MZslKgCMjAlS7UQsS9Hwpgvrx3l1G2B0 root@ubuntu-bionic (ECDSA)
<14>Oct 13 18:44:03 cloud-init: 256 SHA256:PCUMPSnTabnq3mQCGGvq4uRK0mwBvjfYJr1m19x+NiQ root@ubuntu-bionic (ED25519)
<14>Oct 13 18:44:03 cloud-init: 2048 SHA256:D9ZAXbJ59SVFqEFRcc7nSq17dif9Q82pPlc/bUtcn4o root@ubuntu-bionic (RSA)
<14>Oct 13 18:44:03 cloud-init: -----END SSH HOST KEY FINGERPRINTS-----
<14>Oct 13 18:44:03 cloud-init: #############################################################
-----BEGIN SSH HOST KEY KEYS-----
ecdsa-sha2-nistp256 AAAAE2VjZHNhLXNoYTItbmlzdHAyNTYAAAAIbmlzdHAyNTYAAABBBIoBnE67uCz3cscqfX5G1mCNkCr3hcovhxWgo43/SXeLdvVbbSkQ2UfnQooyQlwfeGB44iF3ag7yB3W1bFdRjDI= root@ubuntu-bionic
ssh-ed25519 AAAAC3NzaC1lZDI1NTE5AAAAIJn8o7yt1HnhYpuzldObvTlDkbFvsBP900iAhz27kvnJ root@ubuntu-bionic
ssh-rsa AAAAB3NzaC1yc2EAAAADAQABAAABAQDCDH3Yfwa4Ws19kU9/5QixKQfegbrB8/OvB2ksCTe27nvLzUhXnYilMRKo3LgFQtbwjzob5X73brzRgE5oaX2tqiz/EzlAfdsUaQK6xC/6gO9qXs/zuR4/uuDvsahAA/sJ3wBnOIyaNhw8KA1ZaBEg0GpXSjkdzDqnf4p2EtfpjTvRQaQAuMx2rAxpQtzwjY7n8/hgiO2ykM9WeR3MNiR3YabVZJcv52HS6E6lFYVcgIrUnVeuxz1f03YGiKp794He0W1ECgzJ0utk+QSmi6xmhyaLw4BwLXqOX/td8qqTrsuOlUAiKeZnFlIlTzyc2nUtcBg4aHS/xUjGG3k9Emwl root@ubuntu-bionic
-----END SSH HOST KEY KEYS-----
[   31.623920] cloud-init[1256]: Cloud-init v. 21.2-3-g899bfaa9-0ubuntu2~18.04.1 running 'modules:final' at Wed, 13 Oct 2021 18:44:03 +0000. Up 31.13 seconds.
[   31.624387] cloud-init[1256]: ci-info: no authorized SSH keys fingerprints found for user ubuntu.
[   31.632468] cloud-init[1256]: Cloud-init v. 21.2-3-g899bfaa9-0ubuntu2~18.04.1 finished at Wed, 13 Oct 2021 18:44:03 +0000. Datasource DataSourceNoCloud [seed=/dev/sdb][dsmode=net].  Up 31.58 seconds
